// Jest Snapshot v1, https://goo.gl/fbAQLP

exports[`changes background color when clicked 1`] = `
<h1>
  LOADING
</h1>
`;
